[sibita.my.canva.site/index.html]
[backblue.gif]
[fade.gif]
[index.html]
[sibita.my.canva.site/_assets/a0684b0780c739e9.vendor.ltr.css]
[sibita.my.canva.site/_assets/bd9e8f0d99b6f761.ltr.css]
[sibita.my.canva.site/_assets/static_font_4.ltr.css]
[sibita.my.canva.site/_assets/bc298cffa4d33d43.runtime.js]
[sibita.my.canva.site/_assets/e633f538fad2b752.s4le6a.vendor.js]
[sibita.my.canva.site/_assets/6dfedd5eb1e03f64.vendor.js]
[sibita.my.canva.site/_assets/c2a4651685564cd6.strings.js]
[sibita.my.canva.site/_assets/e451207f9c293df6.tr-TR.js]
[sibita.my.canva.site/_assets/1f09959ee9068430.js]
[sibita.my.canva.site/_assets/images/2d0b56e7e51cf11036ad8734bdb67e2d.png]
[sibita.my.canva.site/_assets/images/e53c4bd8da5e491d9ab09e7cf0daf874.png]
[sibita.my.canva.site/_assets/images/725b756a69a7d4c235070e51acd85560.png]
[sibita.my.canva.site/_assets]
[sibita.my.canva.site/_assets/media/ece773390b5171f5db620f3687b9b7ad.jpg]
[sibita.my.canva.site/_assets/media/e42e586a9b7823aeee32bc708eb2cec1.jpg]
[sibita.my.canva.site/_assets/media/a7760fb197c36022b108e9288e4c7190.png]
[sibita.my.canva.site/_assets/media/1391e83a8906f41418d9f378e2805bb6.png]
[sibita.my.canva.site/_assets/video/7a6bb810a8b40437037b2079995e7ad8.m3u]
[sibita.my.canva.site/_assets/video/92cb1bbd9010d98f97dc1c2858edf5a0.m3u]
[sibita.my.canva.site/index.html]
[sibita.my.canva.site/_assets/a0684b0780c739e9.vendor.ltr.css]
[sibita.my.canva.site/_assets/images/a9b8e7902ec1ab885d382156f33738e5.woff2]
[sibita.my.canva.site/_assets/images/013277426f0d555d96c7a75503df5754.woff]
[sibita.my.canva.site/_assets/images/d97a6ffa507b670a5b1664f98fc1183d.woff2]
[sibita.my.canva.site/_assets/images/1de7434d86166b0614ff3d61cda11a54.woff]
[sibita.my.canva.site/_assets/images/cff149ee1e9d2be50ac77bcd86769d05.woff2]
[sibita.my.canva.site/_assets/images/f93a5165fac252ecfd593929c4e6146f.woff]
[sibita.my.canva.site/_assets/images/621675e6be83f675d33562d2ff7a0f63.woff2]
[sibita.my.canva.site/_assets/images/762fe37b99d49707e783d6281412d12f.woff2]
[sibita.my.canva.site/_assets/images/d83221ee6a6841b17a754f68b6c5a3de.woff2]
[sibita.my.canva.site/_assets/images/e237b20d624e9275cdc02a523ab7f983.woff2]
[sibita.my.canva.site/_assets/images/3b5447850810ff964de17bcd37e03d5a.woff2]
[sibita.my.canva.site/_assets/images/a13025bc22c0d623507f155005c54563.woff2]
[sibita.my.canva.site/_assets/images/ad480883f297c3606af00979ee4c4483.woff]
[sibita.my.canva.site/_assets/images/477aad26d9a5a64609483931aa0a7a05.woff2]
[sibita.my.canva.site/_assets/images/0e2be7bf67e32755fd73a605a2afd13b.woff]
[sibita.my.canva.site/_assets/images/85b2d625d97d50571765987bbac33850.woff2]
[sibita.my.canva.site/_assets/images/3f03afd80eaf13ee58a7d0945b7d0963.woff]
[sibita.my.canva.site/_assets/images/02bba2de1b5f7fc3b564b21521e774d0.woff2]
[sibita.my.canva.site/_assets/images/163124370f3e2ded710887a156ab3fa3.woff]
[sibita.my.canva.site/_assets/images/0b41617d3a05bbbe23065ec719e26fd1.woff2]
[sibita.my.canva.site/_assets/images/650cef2d886ef4ca5c18d3c107546daf.woff]
[sibita.my.canva.site/_assets/images/d4b0974727cae80b9c6d087e56a9a4e4.woff2]
[sibita.my.canva.site/_assets/images/771cbf29ddc3145dda326afee4b10fb8.woff]
[sibita.my.canva.site/_assets/images/6c9b9f4b28322c7473667e0fc1690675.woff2]
[sibita.my.canva.site/_assets/images/79359a454d1de78942f3c2c687fc67ea.woff]
[sibita.my.canva.site/_assets/images/a8f52f1cd47135bfc86b1f313868708d.woff2]
[sibita.my.canva.site/_assets/images/e3e13973dcf74ace522a4b8ef447a7de.woff]
[sibita.my.canva.site/_assets/images/ca4237378da57e1e318978281e7fee60.woff2]
[sibita.my.canva.site/_assets/images/d7669ff2d0106ad99a7a55c4d540478c.woff]
[sibita.my.canva.site/_assets/images/d56fc13fe0dc1327dceed816b07dbec3.woff2]
[sibita.my.canva.site/_assets/images/311ec631b3b3a7f88c724351af8bcef4.woff]
[sibita.my.canva.site/_assets/images/c9972caeca3358fa2841a115105a8544.woff2]
[sibita.my.canva.site/_assets/images/c3a91206711602c9b5f54e9514244e64.woff]
[sibita.my.canva.site/_assets/images/dafb7fee1db6b7ae9b1184239b11acf5.woff2]
[sibita.my.canva.site/_assets/images/d6cbb5c42a1149e38e1fb7a238032bc8.woff]
[sibita.my.canva.site/_assets/images/964b01a520402dcf8405de90289c35f4.woff2]
[sibita.my.canva.site/_assets/images/4badd42f0e1cdba66ffbd5cc91aa4365.woff]
[sibita.my.canva.site/_assets/images/58cf708f2cc4d2b3bbf7e6add25f5c20.woff2]
[sibita.my.canva.site/_assets/images/4f9f09e9c9bc053cc21f7cf7f5590904.woff]
[sibita.my.canva.site/_assets/images/4bdcf0ce1296b448409c024e57fdcdb9.woff2]
[sibita.my.canva.site/_assets/images/005dabb12cdb5c5deabd1782c3ff196d.woff]
[sibita.my.canva.site/_assets/images/f4113bb9d3def37ca7f5c7cd2341ec33.woff2]
[sibita.my.canva.site/_assets/images/614a39a4813512a63e905b12dc5f41ba.woff]
[sibita.my.canva.site/_assets/images/5989cf357de7427311e30576891372df.woff2]
[sibita.my.canva.site/_assets/images/b3571e313b47ed988fc8429322af7677.woff]
[sibita.my.canva.site/_assets/images/5d050a324d95a6a18dae93e08c01bd6b.woff2]
[sibita.my.canva.site/_assets/images/08f3a04653878f9b2369ec3c327d7c46.woff]
[sibita.my.canva.site/_assets/images/87e22a62965f141aa08e93699b0b3527.jpg]
[sibita.my.canva.site/_assets/images/b46630e470f4040eba7033cf2435edce.woff]
[sibita.my.canva.site/_assets/images/e755c8eab4133359c241132063a279d0.woff2]
[sibita.my.canva.site/_assets/images/89ba4e29dc7a63cd15959a5bb068bb0e.woff]
[sibita.my.canva.site/_assets/images/0c4fa4c622644d97f38d201cba1d30f5.woff2]
[sibita.my.canva.site/_assets/images/a47b96672d775073beaf93b7e7ffff54.woff2]
[sibita.my.canva.site/_assets/images/7aed216c4e61d12ee639b0b758037c5d.woff2]
[sibita.my.canva.site/_assets/images/eafec10d3f23f994fb6dc59545035460.woff2]
[sibita.my.canva.site/_assets/images/6923b1967484e2b12e1016fb33061791.woff2]
[sibita.my.canva.site/_assets/images/ff9d619b59f5cb3529b100448f398ac5.woff2]
[sibita.my.canva.site/_assets/bd9e8f0d99b6f761.ltr.css]
[sibita.my.canva.site/_assets/static_font_4.ltr.css]
[sibita.my.canva.site/_assets.html]
[sibita.my.canva.site/_assets/video/EXTM3U]
[sibita.my.canva.site/_assets/video/EXT-X-VERSION_7]
[sibita.my.canva.site/_assets/video/EXT-X-MEDIA_TYPE=AUDIO,GROUP-ID=_1_,LANGUAGE=_en_,NAME=_English_,DEFAULT=YES,URI=_957827035da79d3de4b400b789433aa9.m3u_]
[sibita.my.canva.site/_assets/video/EXT-X-STREAM-INF_BANDWIDTH=1275844,AVERAGE-BANDWIDTH=568090,CODECS=_avc1.640015,mp4a.40.2_,RESOLUTION=640x266,AUDIO=_1_]
[sibita.my.canva.site/_assets/video/8dfc27da0cb15a41abfd540f1d965ba0.m3u]
[sibita.my.canva.site/_assets/video/EXT-X-STREAM-INF_BANDWIDTH=513748,AVERAGE-BANDWIDTH=214330,CODECS=_avc1.640014,mp4a.40.2_,RESOLUTION=320x134,AUDIO=_1_]
[sibita.my.canva.site/_assets/video/8e1d3ec659f462c108179a67b9ff5ee1.m3u]
[sibita.my.canva.site/_assets/video/EXT-X-STREAM-INF_BANDWIDTH=3063284,AVERAGE-BANDWIDTH=1526953,CODECS=_avc1.64001f,mp4a.40.2_,RESOLUTION=1280x532,AUDIO=_1_]
[sibita.my.canva.site/_assets/video/2e6a371ada512e4d9fb015a2a716704d.m3u]
[sibita.my.canva.site/_assets/video/EXT-X-STREAM-INF_BANDWIDTH=4703528,AVERAGE-BANDWIDTH=2509056,CODECS=_avc1.640028,mp4a.40.2_,RESOLUTION=1920x798,AUDIO=_1_]
[sibita.my.canva.site/_assets/video/77821a1fcd8996176c23a4a78ac4067a.m3u]
[sibita.my.canva.site/_assets/video/7a6bb810a8b40437037b2079995e7ad8.m3u]
[sibita.my.canva.site/_assets/video/EXT-X-MEDIA_TYPE=AUDIO,GROUP-ID=_1_,LANGUAGE=_en_,NAME=_English_,DEFAULT=YES,URI=_a84700f64cc18a3b9f789137f07731cd.m3u_]
[sibita.my.canva.site/_assets/video/EXT-X-STREAM-INF_BANDWIDTH=914860,AVERAGE-BANDWIDTH=371166,CODECS=_avc1.640015,mp4a.40.2_,RESOLUTION=320x180,AUDIO=_1_]
[sibita.my.canva.site/_assets/video/d0e7fc8519232fde64ea5b56d44abe37.m3u]
[sibita.my.canva.site/_assets/video/EXT-X-STREAM-INF_BANDWIDTH=2506100,AVERAGE-BANDWIDTH=992883,CODECS=_avc1.64001f,mp4a.40.2_,RESOLUTION=640x360,AUDIO=_1_]
[sibita.my.canva.site/_assets/video/ceb97ca0623ca181ad915f074e45953a.m3u]
[sibita.my.canva.site/_assets/video/EXT-X-STREAM-INF_BANDWIDTH=5672828,AVERAGE-BANDWIDTH=2477067,CODECS=_avc1.640020,mp4a.40.2_,RESOLUTION=1280x720,AUDIO=_1_]
[sibita.my.canva.site/_assets/video/44aaa6c3b249f0fd528df508c2d9ccbb.m3u]
[sibita.my.canva.site/_assets/video/EXT-X-STREAM-INF_BANDWIDTH=8900160,AVERAGE-BANDWIDTH=4371635,CODECS=_avc1.64002a,mp4a.40.2_,RESOLUTION=1920x1080,AUDIO=_1_]
[sibita.my.canva.site/_assets/video/2834e84adbcbc5d69faec6d96283ed75.m3u]
[sibita.my.canva.site/_assets/video/92cb1bbd9010d98f97dc1c2858edf5a0.m3u]
[sibita.my.canva.site/_assets/video/EXTM3U.html]
[sibita.my.canva.site/_assets/video/EXT-X-VERSION_7.html]
[sibita.my.canva.site/_assets/video/EXT-X-MEDIA_TYPE=AUDIO,GROUP-ID=_1_,LANGUAGE=_en_,NAME=_English_,DEFAULT=YES,URI=_957827035da79d3de4b400b789433aa9.html]
[sibita.my.canva.site/_assets/video/EXT-X-STREAM-INF_BANDWIDTH=1275844,AVERAGE-BANDWIDTH=568090,CODECS=_avc1.640015,mp4a.40.html]
[sibita.my.canva.site/_assets/video/EXT-X-TARGETDURATION_2]
[sibita.my.canva.site/_assets/video/EXT-X-MEDIA-SEQUENCE_1]
[sibita.my.canva.site/_assets/video/EXT-X-PLAYLIST-TYPE_VOD]
[sibita.my.canva.site/_assets/video/EXT-X-MAP_URI=_2c47ffb12d532d43963693ed7c18f7ae.mp4_,BYTERANGE=_862@0_]
[sibita.my.canva.site/_assets/video/EXT-X-BYTERANGE_114806@1778]
[sibita.my.canva.site/_assets/video/2c47ffb12d532d43963693ed7c18f7ae.mp4]
[sibita.my.canva.site/_assets/video/EXT-X-BYTERANGE_71457@116584]
[sibita.my.canva.site/_assets/video/EXT-X-BYTERANGE_36623@188041]
[sibita.my.canva.site/_assets/video/EXT-X-BYTERANGE_82617@224664]
[sibita.my.canva.site/_assets/video/EXT-X-BYTERANGE_50529@307281]
[sibita.my.canva.site/_assets/video/EXT-X-BYTERANGE_100515@357810]
[sibita.my.canva.site/_assets/video/EXT-X-BYTERANGE_90485@458325]
[sibita.my.canva.site/_assets/video/EXT-X-BYTERANGE_88754@548810]
[sibita.my.canva.site/_assets/video/EXT-X-BYTERANGE_260223@637564]
[sibita.my.canva.site/_assets/video/EXT-X-BYTERANGE_73687@897787]
[sibita.my.canva.site/_assets/video/EXT-X-BYTERANGE_209391@971474]
[sibita.my.canva.site/_assets/video/EXT-X-BYTERANGE_225940@1180865]
[sibita.my.canva.site/_assets/video/EXT-X-BYTERANGE_165505@1406805]
[sibita.my.canva.site/_assets/video/EXT-X-BYTERANGE_73522@1572310]
[sibita.my.canva.site/_assets/video/EXT-X-BYTERANGE_132737@1645832]
[sibita.my.canva.site/_assets/video/EXT-X-BYTERANGE_88811@1778569]
[sibita.my.canva.site/_assets/video/EXT-X-BYTERANGE_145464@1867380]
[sibita.my.canva.site/_assets/video/EXT-X-BYTERANGE_228684@2012844]
[sibita.my.canva.site/_assets/video/EXT-X-BYTERANGE_151254@2241528]
[sibita.my.canva.site/_assets/video/EXT-X-BYTERANGE_110335@2392782]
[sibita.my.canva.site/_assets/video/EXT-X-BYTERANGE_153536@2503117]
[sibita.my.canva.site/_assets/video/EXT-X-BYTERANGE_69704@2656653]
[sibita.my.canva.site/_assets/video/EXT-X-BYTERANGE_82048@2726357]
[sibita.my.canva.site/_assets/video/EXT-X-BYTERANGE_257250@2808405]
[sibita.my.canva.site/_assets/video/EXT-X-BYTERANGE_98164@3065655]
[sibita.my.canva.site/_assets/video/EXT-X-BYTERANGE_48193@3163819]
[sibita.my.canva.site/_assets/video/EXT-X-BYTERANGE_187916@3212012]
[sibita.my.canva.site/_assets/video/EXT-X-BYTERANGE_113840@3399928]
[sibita.my.canva.site/_assets/video/EXT-X-BYTERANGE_103635@3513768]
[sibita.my.canva.site/_assets/video/EXT-X-BYTERANGE_88267@3617403]
[sibita.my.canva.site/_assets/video/EXT-X-BYTERANGE_144911@3705670]
[sibita.my.canva.site/_assets/video/EXT-X-BYTERANGE_212185@3850581]
[sibita.my.canva.site/_assets/video/EXT-X-BYTERANGE_175356@4062766]
[sibita.my.canva.site/_assets/video/EXT-X-BYTERANGE_58015@4238122]
[sibita.my.canva.site/_assets/video/EXT-X-BYTERANGE_67130@4296137]
[sibita.my.canva.site/_assets/video/EXT-X-BYTERANGE_235344@4363267]
[sibita.my.canva.site/_assets/video/EXT-X-BYTERANGE_90745@4598611]
[sibita.my.canva.site/_assets/video/EXT-X-BYTERANGE_230392@4689356]
[sibita.my.canva.site/_assets/video/EXT-X-BYTERANGE_244387@4919748]
[sibita.my.canva.site/_assets/video/EXT-X-BYTERANGE_80097@5164135]
[sibita.my.canva.site/_assets/video/EXT-X-BYTERANGE_52990@5244232]
[sibita.my.canva.site/_assets/video/EXT-X-BYTERANGE_101820@5297222]
[sibita.my.canva.site/_assets/video/EXT-X-BYTERANGE_262444@5399042]
[sibita.my.canva.site/_assets/video/EXT-X-BYTERANGE_166266@5661486]
[sibita.my.canva.site/_assets/video/EXT-X-BYTERANGE_178156@5827752]
[sibita.my.canva.site/_assets/video/EXT-X-BYTERANGE_231147@6005908]
[sibita.my.canva.site/_assets/video/EXT-X-BYTERANGE_181438@6237055]
[sibita.my.canva.site/_assets/video/EXT-X-BYTERANGE_179887@6418493]
[sibita.my.canva.site/_assets/video/EXT-X-BYTERANGE_151957@6598380]
[sibita.my.canva.site/_assets/video/EXT-X-BYTERANGE_229076@6750337]
[sibita.my.canva.site/_assets/video/EXT-X-BYTERANGE_222060@6979413]
[sibita.my.canva.site/_assets/video/EXT-X-BYTERANGE_235684@7201473]
[sibita.my.canva.site/_assets/video/EXT-X-BYTERANGE_307335@7437157]
[sibita.my.canva.site/_assets/video/EXT-X-BYTERANGE_318962@7744492]
[sibita.my.canva.site/_assets/video/EXT-X-BYTERANGE_144087@8063454]
[sibita.my.canva.site/_assets/video/EXT-X-BYTERANGE_229947@8207541]
[sibita.my.canva.site/_assets/video/EXT-X-BYTERANGE_144619@8437488]
[sibita.my.canva.site/_assets/video/EXT-X-BYTERANGE_140089@8582107]
[sibita.my.canva.site/_assets/video/EXT-X-BYTERANGE_241680@8722196]
[sibita.my.canva.site/_assets/video/EXT-X-BYTERANGE_132767@8963876]
[sibita.my.canva.site/_assets/video/EXT-X-BYTERANGE_286682@9096643]
[sibita.my.canva.site/_assets/video/EXT-X-BYTERANGE_182908@9383325]
[sibita.my.canva.site/_assets/video/EXT-X-BYTERANGE_138595@9566233]
[sibita.my.canva.site/_assets/video/EXT-X-BYTERANGE_30706@9704828]
[sibita.my.canva.site/_assets/video/EXT-X-BYTERANGE_70476@9735534]
[sibita.my.canva.site/_assets/video/EXT-X-BYTERANGE_51867@9806010]
[sibita.my.canva.site/_assets/video/EXT-X-BYTERANGE_50722@9857877]
[sibita.my.canva.site/_assets/video/EXT-X-BYTERANGE_42157@9908599]
[sibita.my.canva.site/_assets/video/EXT-X-BYTERANGE_55063@9950756]
[sibita.my.canva.site/_assets/video/EXT-X-BYTERANGE_37707@10005819]
[sibita.my.canva.site/_assets/video/EXT-X-BYTERANGE_106875@10043526]
[sibita.my.canva.site/_assets/video/EXT-X-BYTERANGE_139996@10150401]
[sibita.my.canva.site/_assets/video/EXT-X-BYTERANGE_79102@10290397]
[sibita.my.canva.site/_assets/video/EXT-X-ENDLIST]
[sibita.my.canva.site/_assets/video/8dfc27da0cb15a41abfd540f1d965ba0.m3u]
[sibita.my.canva.site/_assets/video/EXT-X-STREAM-INF_BANDWIDTH=513748,AVERAGE-BANDWIDTH=214330,CODECS=_avc1.640014,mp4a.40.html]
[sibita.my.canva.site/_assets/video/EXT-X-MAP_URI=_04060643b0951947bcaf6c400956d1f3.mp4_,BYTERANGE=_860@0_]
[sibita.my.canva.site/_assets/video/EXT-X-BYTERANGE_41617@1776]
[sibita.my.canva.site/_assets/video/04060643b0951947bcaf6c400956d1f3.mp4]
[sibita.my.canva.site/_assets/video/EXT-X-BYTERANGE_22586@43393.c5.delayed]
[sibita.my.canva.site/_assets/video/EXT-X-BYTERANGE_15735@65979]
[sibita.my.canva.site/_assets/video/EXT-X-BYTERANGE_31673@81714]
[sibita.my.canva.site/_assets/video/EXT-X-BYTERANGE_18163@113387]
[sibita.my.canva.site/_assets/video/EXT-X-BYTERANGE_39372@131550]
[sibita.my.canva.site/_assets/video/EXT-X-BYTERANGE_36318@170922]
[sibita.my.canva.site/_assets/video/EXT-X-BYTERANGE_31358@207240]
[sibita.my.canva.site/_assets/video/EXT-X-BYTERANGE_102095@238598]
[sibita.my.canva.site/_assets/video/EXT-X-BYTERANGE_28933@340693]
[sibita.my.canva.site/_assets/video/EXT-X-BYTERANGE_76104@369626]
[sibita.my.canva.site/_assets/video/EXT-X-BYTERANGE_84928@445730]
[sibita.my.canva.site/_assets/video/EXT-X-BYTERANGE_60898@530658]
[sibita.my.canva.site/_assets/video/EXT-X-BYTERANGE_28114@591556]
[sibita.my.canva.site/_assets/video/EXT-X-BYTERANGE_54855@619670]
[sibita.my.canva.site/_assets/video/EXT-X-BYTERANGE_32438@674525]
[sibita.my.canva.site/_assets/video/EXT-X-BYTERANGE_56934@706963]
[sibita.my.canva.site/_assets/video/EXT-X-BYTERANGE_86689@763897]
[sibita.my.canva.site/_assets/video/EXT-X-BYTERANGE_58410@850586]
[sibita.my.canva.site/_assets/video/EXT-X-BYTERANGE_37980@908996]
[sibita.my.canva.site/_assets/video/EXT-X-BYTERANGE_59123@946976]
[sibita.my.canva.site/_assets/video/EXT-X-BYTERANGE_23830@1006099]
[sibita.my.canva.site/_assets/video/EXT-X-BYTERANGE_27988@1029929]
[sibita.my.canva.site/_assets/video/EXT-X-BYTERANGE_98325@1057917]
[sibita.my.canva.site/_assets/video/EXT-X-BYTERANGE_30880@1156242]
[sibita.my.canva.site/_assets/video/EXT-X-BYTERANGE_19343@1187122]
[sibita.my.canva.site/_assets/video/EXT-X-BYTERANGE_70608@1206465]
[sibita.my.canva.site/_assets/video/EXT-X-BYTERANGE_44317@1277073]
[sibita.my.canva.site/_assets/video/EXT-X-BYTERANGE_46257@1321390]
[sibita.my.canva.site/_assets/video/EXT-X-BYTERANGE_37643@1367647]
[sibita.my.canva.site/_assets/video/EXT-X-BYTERANGE_58334@1405290]
[sibita.my.canva.site/_assets/video/EXT-X-BYTERANGE_69385@1463624]
[sibita.my.canva.site/_assets/video/EXT-X-BYTERANGE_64359@1533009]
[sibita.my.canva.site/_assets/video/EXT-X-BYTERANGE_21807@1597368]
[sibita.my.canva.site/_assets/video/EXT-X-BYTERANGE_23025@1619175]
[sibita.my.canva.site/_assets/video/EXT-X-BYTERANGE_83720@1642200]
[sibita.my.canva.site/_assets/video/EXT-X-BYTERANGE_35150@1725920]
[sibita.my.canva.site/_assets/video/EXT-X-BYTERANGE_78462@1761070]
[sibita.my.canva.site/_assets/video/EXT-X-BYTERANGE_89620@1839532]
[sibita.my.canva.site/_assets/video/EXT-X-BYTERANGE_32737@1929152]
[sibita.my.canva.site/_assets/video/EXT-X-BYTERANGE_19221@1961889]
[sibita.my.canva.site/_assets/video/EXT-X-BYTERANGE_38797@1981110]
[sibita.my.canva.site/_assets/video/EXT-X-BYTERANGE_85935@2019907]
[sibita.my.canva.site/_assets/video/EXT-X-BYTERANGE_64410@2105842]
[sibita.my.canva.site/_assets/video/EXT-X-BYTERANGE_64951@2170252]
[sibita.my.canva.site/_assets/video/EXT-X-BYTERANGE_84823@2235203]
[sibita.my.canva.site/_assets/video/EXT-X-BYTERANGE_68354@2320026]
[sibita.my.canva.site/_assets/video/EXT-X-BYTERANGE_71658@2388380]
[sibita.my.canva.site/_assets/video/EXT-X-BYTERANGE_55768@2460038]
[sibita.my.canva.site/_assets/video/EXT-X-BYTERANGE_84965@2515806]
[sibita.my.canva.site/_assets/video/EXT-X-BYTERANGE_85273@2600771]
[sibita.my.canva.site/_assets/video/EXT-X-BYTERANGE_93399@2686044]
[sibita.my.canva.site/_assets/video/EXT-X-BYTERANGE_124683@2779443]
[sibita.my.canva.site/_assets/video/EXT-X-BYTERANGE_128438@2904126]
[sibita.my.canva.site/_assets/video/EXT-X-BYTERANGE_55415@3032564]
[sibita.my.canva.site/_assets/video/EXT-X-BYTERANGE_93008@3087979]
[sibita.my.canva.site/_assets/video/EXT-X-BYTERANGE_49433@3180987]
[sibita.my.canva.site/_assets/video/EXT-X-BYTERANGE_51837@3230420]
[sibita.my.canva.site/_assets/video/EXT-X-BYTERANGE_91901@3282257]
[sibita.my.canva.site/_assets/video/EXT-X-BYTERANGE_50267@3374158]
[sibita.my.canva.site/_assets/video/EXT-X-BYTERANGE_106786@3424425]
[sibita.my.canva.site/_assets/video/EXT-X-BYTERANGE_76444@3531211]
[sibita.my.canva.site/_assets/video/EXT-X-BYTERANGE_54760@3607655]
[sibita.my.canva.site/_assets/video/EXT-X-BYTERANGE_13126@3662415]
[sibita.my.canva.site/_assets/video/EXT-X-BYTERANGE_28300@3675541]
[sibita.my.canva.site/_assets/video/EXT-X-BYTERANGE_21726@3703841]
[sibita.my.canva.site/_assets/video/EXT-X-BYTERANGE_21167@3725567]
[sibita.my.canva.site/_assets/video/EXT-X-BYTERANGE_17124@3746734]
[sibita.my.canva.site/_assets/video/EXT-X-BYTERANGE_23370@3763858]
[sibita.my.canva.site/_assets/video/EXT-X-BYTERANGE_16300@3787228]
[sibita.my.canva.site/_assets/video/EXT-X-BYTERANGE_36785@3803528]
[sibita.my.canva.site/_assets/video/EXT-X-BYTERANGE_47541@3840313]
[sibita.my.canva.site/_assets/video/EXT-X-BYTERANGE_25520@3887854]
[sibita.my.canva.site/_assets/video/8e1d3ec659f462c108179a67b9ff5ee1.m3u]
[sibita.my.canva.site/_assets/video/EXT-X-STREAM-INF_BANDWIDTH=3063284,AVERAGE-BANDWIDTH=1526953,CODECS=_avc1.64001f,mp4a.40.html]
[sibita.my.canva.site/_assets/video/EXT-X-MAP_URI=_3766db196a4f19a247191bb61858deb2.mp4_,BYTERANGE=_861@0_]
[sibita.my.canva.site/_assets/video/EXT-X-BYTERANGE_326326@1777]
[sibita.my.canva.site/_assets/video/3766db196a4f19a247191bb61858deb2.mp4]
[sibita.my.canva.site/_assets/video/EXT-X-BYTERANGE_219721@328103.110.delayed]
[sibita.my.canva.site/_assets/video/EXT-X-BYTERANGE_99629@547824]
[sibita.my.canva.site/_assets/video/EXT-X-BYTERANGE_250945@647453]
[sibita.my.canva.site/_assets/video/EXT-X-BYTERANGE_143544@898398]
[sibita.my.canva.site/_assets/video/EXT-X-BYTERANGE_270672@1041942]
[sibita.my.canva.site/_assets/video/EXT-X-BYTERANGE_245912@1312614]
[sibita.my.canva.site/_assets/video/EXT-X-BYTERANGE_269604@1558526]
[sibita.my.canva.site/_assets/video/EXT-X-BYTERANGE_656789@1828130]
[sibita.my.canva.site/_assets/video/EXT-X-BYTERANGE_224522@2484919]
[sibita.my.canva.site/_assets/video/EXT-X-BYTERANGE_568752@2709441]
[sibita.my.canva.site/_assets/video/EXT-X-BYTERANGE_615480@3278193]
[sibita.my.canva.site/_assets/video/EXT-X-BYTERANGE_439381@3893673]
[sibita.my.canva.site/_assets/video/EXT-X-BYTERANGE_217035@4333054]
[sibita.my.canva.site/_assets/video/EXT-X-BYTERANGE_354192@4550089]
[sibita.my.canva.site/_assets/video/EXT-X-BYTERANGE_255571@4904281]
[sibita.my.canva.site/_assets/video/EXT-X-BYTERANGE_389522@5159852]
[sibita.my.canva.site/_assets/video/EXT-X-BYTERANGE_632046@5549374]
[sibita.my.canva.site/_assets/video/EXT-X-BYTERANGE_428669@6181420]
[sibita.my.canva.site/_assets/video/EXT-X-BYTERANGE_306564@6610089]
[sibita.my.canva.site/_assets/video/EXT-X-BYTERANGE_409888@6916653]
[sibita.my.canva.site/_assets/video/EXT-X-BYTERANGE_208146@7326541]
[sibita.my.canva.site/_assets/video/EXT-X-BYTERANGE_254718@7534687]
[sibita.my.canva.site/_assets/video/EXT-X-BYTERANGE_688029@7789405]
[sibita.my.canva.site/_assets/video/EXT-X-BYTERANGE_300780@8477434]
[sibita.my.canva.site/_assets/video/EXT-X-BYTERANGE_135765@8778214]
[sibita.my.canva.site/_assets/video/EXT-X-BYTERANGE_441249@8913979]
[sibita.my.canva.site/_assets/video/EXT-X-BYTERANGE_305421@9355228]
[sibita.my.canva.site/_assets/video/EXT-X-BYTERANGE_285294@9660649]
[sibita.my.canva.site/_assets/video/EXT-X-BYTERANGE_245805@9945943]
[sibita.my.canva.site/_assets/video/EXT-X-BYTERANGE_396483@10191748]
[sibita.my.canva.site/_assets/video/EXT-X-BYTERANGE_549025@10588231]
[sibita.my.canva.site/_assets/video/EXT-X-BYTERANGE_461494@11137256]
[sibita.my.canva.site/_assets/video/EXT-X-BYTERANGE_174170@11598750]
[sibita.my.canva.site/_assets/video/EXT-X-BYTERANGE_171269@11772920]
[sibita.my.canva.site/_assets/video/EXT-X-BYTERANGE_625790@11944189]
[sibita.my.canva.site/_assets/video/EXT-X-BYTERANGE_254356@12569979]
[sibita.my.canva.site/_assets/video/EXT-X-BYTERANGE_614500@12824335]
[sibita.my.canva.site/_assets/video/EXT-X-BYTERANGE_632180@13438835]
[sibita.my.canva.site/_assets/video/EXT-X-BYTERANGE_222318@14071015]
[sibita.my.canva.site/_assets/video/EXT-X-BYTERANGE_129995@14293333]
[sibita.my.canva.site/_assets/video/EXT-X-BYTERANGE_281356@14423328]
[sibita.my.canva.site/_assets/video/EXT-X-BYTERANGE_733955@14704684]
[sibita.my.canva.site/_assets/video/EXT-X-BYTERANGE_432268@15438639]
[sibita.my.canva.site/_assets/video/EXT-X-BYTERANGE_479461@15870907]
[sibita.my.canva.site/_assets/video/EXT-X-BYTERANGE_640770@16350368]
[sibita.my.canva.site/_assets/video/EXT-X-BYTERANGE_497069@16991138]
[sibita.my.canva.site/_assets/video/EXT-X-BYTERANGE_474465@17488207]
[sibita.my.canva.site/_assets/video/EXT-X-BYTERANGE_438502@17962672]
[sibita.my.canva.site/_assets/video/EXT-X-BYTERANGE_614783@18401174]
[sibita.my.canva.site/_assets/video/EXT-X-BYTERANGE_581143@19015957]
[sibita.my.canva.site/_assets/video/EXT-X-BYTERANGE_607418@19597100]
[sibita.my.canva.site/_assets/video/EXT-X-BYTERANGE_740301@20204518]
[sibita.my.canva.site/_assets/video/EXT-X-BYTERANGE_765822@20944819]
[sibita.my.canva.site/_assets/video/EXT-X-BYTERANGE_398421@21710641]
[sibita.my.canva.site/_assets/video/EXT-X-BYTERANGE_558652@22109062]
[sibita.my.canva.site/_assets/video/EXT-X-BYTERANGE_410304@22667714]
[sibita.my.canva.site/_assets/video/EXT-X-BYTERANGE_380657@23078018]
[sibita.my.canva.site/_assets/video/EXT-X-BYTERANGE_667341@23458675]
[sibita.my.canva.site/_assets/video/EXT-X-BYTERANGE_385568@24126016]
[sibita.my.canva.site/_assets/video/EXT-X-BYTERANGE_741704@24511584]
[sibita.my.canva.site/_assets/video/EXT-X-BYTERANGE_483189@25253288]
[sibita.my.canva.site/_assets/video/EXT-X-BYTERANGE_376895@25736477]
[sibita.my.canva.site/_assets/video/EXT-X-BYTERANGE_82280@26113372]
[sibita.my.canva.site/_assets/video/EXT-X-BYTERANGE_189347@26195652]
[sibita.my.canva.site/_assets/video/EXT-X-BYTERANGE_148578@26384999]
[sibita.my.canva.site/_assets/video/EXT-X-BYTERANGE_144416@26533577]
[sibita.my.canva.site/_assets/video/EXT-X-BYTERANGE_120613@26677993]
[sibita.my.canva.site/_assets/video/EXT-X-BYTERANGE_150959@26798606]
[sibita.my.canva.site/_assets/video/EXT-X-BYTERANGE_110533@26949565]
[sibita.my.canva.site/_assets/video/EXT-X-BYTERANGE_302190@27060098]
[sibita.my.canva.site/_assets/video/EXT-X-BYTERANGE_335193@27362288]
[sibita.my.canva.site/_assets/video/EXT-X-BYTERANGE_171262@27697481]
[sibita.my.canva.site/_assets/video/2e6a371ada512e4d9fb015a2a716704d.m3u]
[sibita.my.canva.site/_assets/video/EXT-X-STREAM-INF_BANDWIDTH=4703528,AVERAGE-BANDWIDTH=2509056,CODECS=_avc1.640028,mp4a.40.html]
[sibita.my.canva.site/_assets/video/EXT-X-MAP_URI=_1e359caa0d75c915f615c842fe8a523a.mp4_,BYTERANGE=_862@0_]
[sibita.my.canva.site/_assets/video/EXT-X-BYTERANGE_541110@1778]
[sibita.my.canva.site/_assets/video/1e359caa0d75c915f615c842fe8a523a.mp4]
[sibita.my.canva.site/_assets/video/EXT-X-BYTERANGE_395759@542888]
[sibita.my.canva.site/_assets/video/EXT-X-BYTERANGE_162880@938647]
[sibita.my.canva.site/_assets/video/EXT-X-BYTERANGE_446509@1101527]
[sibita.my.canva.site/_assets/video/EXT-X-BYTERANGE_263676@1548036]
[sibita.my.canva.site/_assets/video/EXT-X-BYTERANGE_452958@1811712]
[sibita.my.canva.site/_assets/video/EXT-X-BYTERANGE_394942@2264670]
[sibita.my.canva.site/_assets/video/EXT-X-BYTERANGE_448431@2659612]
[sibita.my.canva.site/_assets/video/EXT-X-BYTERANGE_1038477@3108043]
[sibita.my.canva.site/_assets/video/EXT-X-BYTERANGE_376988@4146520]
[sibita.my.canva.site/_assets/video/EXT-X-BYTERANGE_907133@4523508]
[sibita.my.canva.site/_assets/video/EXT-X-BYTERANGE_977286@5430641]
[sibita.my.canva.site/_assets/video/EXT-X-BYTERANGE_728662@6407927]
[sibita.my.canva.site/_assets/video/EXT-X-BYTERANGE_400229@7136589]
[sibita.my.canva.site/_assets/video/EXT-X-BYTERANGE_572706@7536818]
[sibita.my.canva.site/_assets/video/EXT-X-BYTERANGE_430783@8109524]
[sibita.my.canva.site/_assets/video/EXT-X-BYTERANGE_645738@8540307]
[sibita.my.canva.site/_assets/video/EXT-X-BYTERANGE_1011877@9186045]
[sibita.my.canva.site/_assets/video/EXT-X-BYTERANGE_738838@10197922]
[sibita.my.canva.site/_assets/video/EXT-X-BYTERANGE_530699@10936760]
[sibita.my.canva.site/_assets/video/EXT-X-BYTERANGE_690283@11467459]
[sibita.my.canva.site/_assets/video/EXT-X-BYTERANGE_370103@12157742]
[sibita.my.canva.site/_assets/video/EXT-X-BYTERANGE_435806@12527845]
[sibita.my.canva.site/_assets/video/EXT-X-BYTERANGE_1102656@12963651]
[sibita.my.canva.site/_assets/video/EXT-X-BYTERANGE_535354@14066307]
[sibita.my.canva.site/_assets/video/EXT-X-BYTERANGE_236634@14601661]
[sibita.my.canva.site/_assets/video/EXT-X-BYTERANGE_682850@14838295]
[sibita.my.canva.site/_assets/video/EXT-X-BYTERANGE_532402@15521145]
[sibita.my.canva.site/_assets/video/EXT-X-BYTERANGE_474148@16053547]
[sibita.my.canva.site/_assets/video/EXT-X-BYTERANGE_438749@16527695]
[sibita.my.canva.site/_assets/video/EXT-X-BYTERANGE_673307@16966444]
[sibita.my.canva.site/_assets/video/EXT-X-BYTERANGE_806951@17639751]
[sibita.my.canva.site/_assets/video/EXT-X-BYTERANGE_758876@18446702]
[sibita.my.canva.site/_assets/video/EXT-X-BYTERANGE_315645@19205578]
[sibita.my.canva.site/_assets/video/EXT-X-BYTERANGE_286351@19521223]
[sibita.my.canva.site/_assets/video/EXT-X-BYTERANGE_1005190@19807574]
[sibita.my.canva.site/_assets/video/EXT-X-BYTERANGE_416795@20812764]
[sibita.my.canva.site/_assets/video/EXT-X-BYTERANGE_985156@21229559]
[sibita.my.canva.site/_assets/video/EXT-X-BYTERANGE_1001260@22214715]
[sibita.my.canva.site/_assets/video/EXT-X-BYTERANGE_387777@23215975]
[sibita.my.canva.site/_assets/video/EXT-X-BYTERANGE_220537@23603752]
[sibita.my.canva.site/_assets/video/EXT-X-BYTERANGE_471883@23824289]
[sibita.my.canva.site/_assets/video/EXT-X-BYTERANGE_1140819@24296172]
[sibita.my.canva.site/_assets/video/EXT-X-BYTERANGE_691409@25436991]
[sibita.my.canva.site/_assets/video/EXT-X-BYTERANGE_756355@26128400]
[sibita.my.canva.site/_assets/video/EXT-X-BYTERANGE_1036932@26884755]
[sibita.my.canva.site/_assets/video/EXT-X-BYTERANGE_827986@27921687]
[sibita.my.canva.site/_assets/video/EXT-X-BYTERANGE_772453@28749673]
[sibita.my.canva.site/_assets/video/EXT-X-BYTERANGE_759613@29522126]
[sibita.my.canva.site/_assets/video/EXT-X-BYTERANGE_1008000@30281739]
[sibita.my.canva.site/_assets/video/EXT-X-BYTERANGE_918747@31289739]
[sibita.my.canva.site/_assets/video/EXT-X-BYTERANGE_966884@32208486]
[sibita.my.canva.site/_assets/video/EXT-X-BYTERANGE_1119793@33175370]
[sibita.my.canva.site/_assets/video/EXT-X-BYTERANGE_1159274@34295163]
[sibita.my.canva.site/_assets/video/EXT-X-BYTERANGE_658174@35454437]
[sibita.my.canva.site/_assets/video/EXT-X-BYTERANGE_830795@36112611]
[sibita.my.canva.site/_assets/video/EXT-X-BYTERANGE_726002@36943406]
[sibita.my.canva.site/_assets/video/EXT-X-BYTERANGE_659656@37669408]
[sibita.my.canva.site/_assets/video/EXT-X-BYTERANGE_1078798@38329064]
[sibita.my.canva.site/_assets/video/EXT-X-BYTERANGE_689470@39407862]
[sibita.my.canva.site/_assets/video/EXT-X-BYTERANGE_1175883@40097332]
[sibita.my.canva.site/_assets/video/EXT-X-BYTERANGE_834530@41273215]
[sibita.my.canva.site/_assets/video/EXT-X-BYTERANGE_662484@42107745]
[sibita.my.canva.site/_assets/video/EXT-X-BYTERANGE_138939@42770229]
[sibita.my.canva.site/_assets/video/EXT-X-BYTERANGE_315321@42909168]
[sibita.my.canva.site/_assets/video/EXT-X-BYTERANGE_240053@43224489]
[sibita.my.canva.site/_assets/video/EXT-X-BYTERANGE_240730@43464542]
[sibita.my.canva.site/_assets/video/EXT-X-BYTERANGE_214177@43705272]
[sibita.my.canva.site/_assets/video/EXT-X-BYTERANGE_261928@43919449]
[sibita.my.canva.site/_assets/video/EXT-X-BYTERANGE_200371@44181377]
[sibita.my.canva.site/_assets/video/EXT-X-BYTERANGE_532038@44381748]
[sibita.my.canva.site/_assets/video/EXT-X-BYTERANGE_583979@44913786]
[sibita.my.canva.site/_assets/video/EXT-X-BYTERANGE_294373@45497765]
[sibita.my.canva.site/_assets/video/77821a1fcd8996176c23a4a78ac4067a.m3u]
[sibita.my.canva.site/_assets/video/EXT-X-MEDIA_TYPE=AUDIO,GROUP-ID=_1_,LANGUAGE=_en_,NAME=_English_,DEFAULT=YES,URI=_a84700f64cc18a3b9f789137f07731cd.html]
[sibita.my.canva.site/_assets/video/EXT-X-STREAM-INF_BANDWIDTH=914860,AVERAGE-BANDWIDTH=371166,CODECS=_avc1.640015,mp4a.40.html]
[sibita.my.canva.site/_assets/video/EXT-X-MAP_URI=_7bbc78f34a357f4cf2cecc1eb5fe7c01.mp4_,BYTERANGE=_860@0_]
[sibita.my.canva.site/_assets/video/EXT-X-BYTERANGE_35160@996]
[sibita.my.canva.site/_assets/video/7bbc78f34a357f4cf2cecc1eb5fe7c01.mp4]
[sibita.my.canva.site/_assets/video/EXT-X-BYTERANGE_46177@36156.1a6.delayed]
[sibita.my.canva.site/_assets/video/EXT-X-BYTERANGE_45332@82333]
[sibita.my.canva.site/_assets/video/EXT-X-BYTERANGE_46695@127665]
[sibita.my.canva.site/_assets/video/EXT-X-BYTERANGE_46601@174360]
[sibita.my.canva.site/_assets/video/EXT-X-BYTERANGE_228716@220961]
[sibita.my.canva.site/_assets/video/EXT-X-BYTERANGE_193777@449677]
[sibita.my.canva.site/_assets/video/EXT-X-BYTERANGE_14824@643454]
[sibita.my.canva.site/_assets/video/d0e7fc8519232fde64ea5b56d44abe37.m3u]
[sibita.my.canva.site/_assets/video/EXT-X-STREAM-INF_BANDWIDTH=2506100,AVERAGE-BANDWIDTH=992883,CODECS=_avc1.64001f,mp4a.40.html]
[sibita.my.canva.site/_assets/video/EXT-X-MAP_URI=_36d2de58fdaa75b3afccf323402e028a.mp4_,BYTERANGE=_862@0_]
[sibita.my.canva.site/_assets/video/EXT-X-BYTERANGE_87163@998]
[sibita.my.canva.site/_assets/video/36d2de58fdaa75b3afccf323402e028a.mp4]
[sibita.my.canva.site/_assets/video/EXT-X-BYTERANGE_111650@88161]
[sibita.my.canva.site/_assets/video/EXT-X-BYTERANGE_114433@199811]
[sibita.my.canva.site/_assets/video/EXT-X-BYTERANGE_117890@314244]
[sibita.my.canva.site/_assets/video/EXT-X-BYTERANGE_123307@432134]
[sibita.my.canva.site/_assets/video/EXT-X-BYTERANGE_626526@555441]
[sibita.my.canva.site/_assets/video/EXT-X-BYTERANGE_534225@1181967]
[sibita.my.canva.site/_assets/video/EXT-X-BYTERANGE_43045@1716192]
[sibita.my.canva.site/_assets/video/ceb97ca0623ca181ad915f074e45953a.m3u]
[sibita.my.canva.site/_assets/video/EXT-X-STREAM-INF_BANDWIDTH=5672828,AVERAGE-BANDWIDTH=2477067,CODECS=_avc1.640020,mp4a.40.html]
[sibita.my.canva.site/_assets/video/EXT-X-MAP_URI=_74b441f5671462e3672cd15b0f33be7d.mp4_,BYTERANGE=_860@0_]
[sibita.my.canva.site/_assets/video/EXT-X-BYTERANGE_241689@996]
[sibita.my.canva.site/_assets/video/74b441f5671462e3672cd15b0f33be7d.mp4]
[sibita.my.canva.site/_assets/video/EXT-X-BYTERANGE_329838@242685]
[sibita.my.canva.site/_assets/video/EXT-X-BYTERANGE_342645@572523]
[sibita.my.canva.site/_assets/video/EXT-X-BYTERANGE_351744@915168]
[sibita.my.canva.site/_assets/video/EXT-X-BYTERANGE_358283@1266912]
[sibita.my.canva.site/_assets/video/EXT-X-BYTERANGE_1418208@1625195]
[sibita.my.canva.site/_assets/video/EXT-X-BYTERANGE_1231346@3043403]
[sibita.my.canva.site/_assets/video/EXT-X-BYTERANGE_112728@4274749]
[sibita.my.canva.site/_assets/video/44aaa6c3b249f0fd528df508c2d9ccbb.m3u]
[sibita.my.canva.site/_assets/video/EXT-X-STREAM-INF_BANDWIDTH=8900160,AVERAGE-BANDWIDTH=4371635,CODECS=_avc1.64002a,mp4a.40.html]
[sibita.my.canva.site/_assets/video/EXT-X-MAP_URI=_d069612d15afb8cdf6e79e9232a0e796.mp4_,BYTERANGE=_862@0_]
[sibita.my.canva.site/_assets/video/EXT-X-BYTERANGE_483042@998]
[sibita.my.canva.site/_assets/video/d069612d15afb8cdf6e79e9232a0e796.mp4]
[sibita.my.canva.site/_assets/video/EXT-X-BYTERANGE_735511@484040]
[sibita.my.canva.site/_assets/video/EXT-X-BYTERANGE_739614@1219551]
[sibita.my.canva.site/_assets/video/EXT-X-BYTERANGE_744355@1959165]
[sibita.my.canva.site/_assets/video/EXT-X-BYTERANGE_731554@2703520]
[sibita.my.canva.site/_assets/video/EXT-X-BYTERANGE_2225041@3435074]
[sibita.my.canva.site/_assets/video/EXT-X-BYTERANGE_1909605@5660115]
[sibita.my.canva.site/_assets/video/EXT-X-BYTERANGE_172723@7569720]
[sibita.my.canva.site/_assets/video/2834e84adbcbc5d69faec6d96283ed75.m3u]
[sibita.my.canva.site/_assets/video/EXT-X-TARGETDURATION_2.html]
[sibita.my.canva.site/_assets/video/EXT-X-MEDIA-SEQUENCE_1.html]
[sibita.my.canva.site/_assets/video/EXT-X-PLAYLIST-TYPE_VOD.html]
[sibita.my.canva.site/_assets/video/EXT-X-MAP_URI=_2c47ffb12d532d43963693ed7c18f7ae.html]
[sibita.my.canva.site/_assets/video/EXT-X-BYTERANGE_114806@1778.html]
[sibita.my.canva.site/_assets/video/EXT-X-BYTERANGE_71457@116584.html]
[sibita.my.canva.site/_assets/video/EXT-X-BYTERANGE_36623@188041.html]
[sibita.my.canva.site/_assets/video/EXT-X-BYTERANGE_82617@224664.html]
[sibita.my.canva.site/_assets/video/EXT-X-BYTERANGE_50529@307281.html]
[sibita.my.canva.site/_assets/video/EXT-X-BYTERANGE_100515@357810.html]
[sibita.my.canva.site/_assets/video/EXT-X-BYTERANGE_90485@458325.html]
[sibita.my.canva.site/_assets/video/EXT-X-BYTERANGE_88754@548810.html]
[sibita.my.canva.site/_assets/video/EXT-X-BYTERANGE_260223@637564.html]
[sibita.my.canva.site/_assets/video/EXT-X-BYTERANGE_73687@897787.html]
[sibita.my.canva.site/_assets/video/EXT-X-BYTERANGE_209391@971474.html]
[sibita.my.canva.site/_assets/video/EXT-X-BYTERANGE_225940@1180865.html]
[sibita.my.canva.site/_assets/video/EXT-X-BYTERANGE_165505@1406805.html]
[sibita.my.canva.site/_assets/video/EXT-X-BYTERANGE_73522@1572310.html]
[sibita.my.canva.site/_assets/video/EXT-X-BYTERANGE_132737@1645832.html]
[sibita.my.canva.site/_assets/video/EXT-X-BYTERANGE_88811@1778569.html]
[sibita.my.canva.site/_assets/video/EXT-X-BYTERANGE_145464@1867380.html]
[sibita.my.canva.site/_assets/video/EXT-X-BYTERANGE_228684@2012844.html]
[sibita.my.canva.site/_assets/video/EXT-X-BYTERANGE_151254@2241528.html]
[sibita.my.canva.site/_assets/video/EXT-X-BYTERANGE_110335@2392782.html]
[sibita.my.canva.site/_assets/video/EXT-X-BYTERANGE_153536@2503117.html]
[sibita.my.canva.site/_assets/video/EXT-X-BYTERANGE_69704@2656653.html]
[sibita.my.canva.site/_assets/video/EXT-X-BYTERANGE_82048@2726357.html]
[sibita.my.canva.site/_assets/video/EXT-X-BYTERANGE_257250@2808405.html]
[sibita.my.canva.site/_assets/video/EXT-X-BYTERANGE_98164@3065655.html]
[sibita.my.canva.site/_assets/video/EXT-X-BYTERANGE_48193@3163819.html]
[sibita.my.canva.site/_assets/video/EXT-X-BYTERANGE_187916@3212012.html]
[sibita.my.canva.site/_assets/video/EXT-X-BYTERANGE_113840@3399928.html]
[sibita.my.canva.site/_assets/video/EXT-X-BYTERANGE_103635@3513768.html]
[sibita.my.canva.site/_assets/video/EXT-X-BYTERANGE_88267@3617403.html]
[sibita.my.canva.site/_assets/video/EXT-X-BYTERANGE_144911@3705670.html]
[sibita.my.canva.site/_assets/video/EXT-X-BYTERANGE_212185@3850581.html]
[sibita.my.canva.site/_assets/video/EXT-X-BYTERANGE_175356@4062766.html]
[sibita.my.canva.site/_assets/video/EXT-X-BYTERANGE_58015@4238122.html]
[sibita.my.canva.site/_assets/video/EXT-X-BYTERANGE_67130@4296137.html]
[sibita.my.canva.site/_assets/video/EXT-X-BYTERANGE_235344@4363267.html]
[sibita.my.canva.site/_assets/video/EXT-X-BYTERANGE_90745@4598611.html]
[sibita.my.canva.site/_assets/video/EXT-X-BYTERANGE_230392@4689356.html]
[sibita.my.canva.site/_assets/video/EXT-X-BYTERANGE_244387@4919748.html]
[sibita.my.canva.site/_assets/video/EXT-X-BYTERANGE_80097@5164135.html]
[sibita.my.canva.site/_assets/video/EXT-X-BYTERANGE_52990@5244232.html]
[sibita.my.canva.site/_assets/video/EXT-X-BYTERANGE_101820@5297222.html]
[sibita.my.canva.site/_assets/video/EXT-X-BYTERANGE_262444@5399042.html]
[sibita.my.canva.site/_assets/video/EXT-X-BYTERANGE_166266@5661486.html]
[sibita.my.canva.site/_assets/video/EXT-X-BYTERANGE_178156@5827752.html]
[sibita.my.canva.site/_assets/video/EXT-X-BYTERANGE_231147@6005908.html]
[sibita.my.canva.site/_assets/video/EXT-X-BYTERANGE_181438@6237055.html]
[sibita.my.canva.site/_assets/video/EXT-X-BYTERANGE_179887@6418493.html]
[sibita.my.canva.site/_assets/video/EXT-X-BYTERANGE_151957@6598380.html]
[sibita.my.canva.site/_assets/video/EXT-X-BYTERANGE_229076@6750337.html]
[sibita.my.canva.site/_assets/video/EXT-X-BYTERANGE_222060@6979413.html]
[sibita.my.canva.site/_assets/video/EXT-X-BYTERANGE_235684@7201473.html]
[sibita.my.canva.site/_assets/video/EXT-X-BYTERANGE_307335@7437157.html]
[sibita.my.canva.site/_assets/video/EXT-X-BYTERANGE_318962@7744492.html]
[sibita.my.canva.site/_assets/video/EXT-X-BYTERANGE_144087@8063454.html]
[sibita.my.canva.site/_assets/video/EXT-X-BYTERANGE_229947@8207541.html]
[sibita.my.canva.site/_assets/video/EXT-X-BYTERANGE_144619@8437488.html]
[sibita.my.canva.site/_assets/video/EXT-X-BYTERANGE_140089@8582107.html]
[sibita.my.canva.site/_assets/video/EXT-X-BYTERANGE_241680@8722196.html]
[sibita.my.canva.site/_assets/video/EXT-X-BYTERANGE_132767@8963876.html]
[sibita.my.canva.site/_assets/video/EXT-X-BYTERANGE_286682@9096643.html]
[sibita.my.canva.site/_assets/video/EXT-X-BYTERANGE_182908@9383325.html]
[sibita.my.canva.site/_assets/video/EXT-X-BYTERANGE_138595@9566233.html]
[sibita.my.canva.site/_assets/video/EXT-X-BYTERANGE_30706@9704828.html]
[sibita.my.canva.site/_assets/video/EXT-X-BYTERANGE_70476@9735534.html]
[sibita.my.canva.site/_assets/video/EXT-X-BYTERANGE_51867@9806010.html]
[sibita.my.canva.site/_assets/video/EXT-X-BYTERANGE_50722@9857877.html]
[sibita.my.canva.site/_assets/video/EXT-X-BYTERANGE_42157@9908599.html]
[sibita.my.canva.site/_assets/video/EXT-X-BYTERANGE_55063@9950756.html]
[sibita.my.canva.site/_assets/video/EXT-X-BYTERANGE_37707@10005819.html]
[sibita.my.canva.site/_assets/video/EXT-X-BYTERANGE_106875@10043526.html]
[sibita.my.canva.site/_assets/video/EXT-X-BYTERANGE_139996@10150401.html]
[sibita.my.canva.site/_assets/video/EXT-X-BYTERANGE_79102@10290397.html]
[sibita.my.canva.site/_assets/video/EXT-X-ENDLIST.html]
[sibita.my.canva.site/_assets/video/EXT-X-MAP_URI=_04060643b0951947bcaf6c400956d1f3.html]
[sibita.my.canva.site/_assets/video/EXT-X-BYTERANGE_41617@1776.html]
[sibita.my.canva.site/_assets/video/EXT-X-BYTERANGE_22586@43393.html]
[sibita.my.canva.site/_assets/video/EXT-X-BYTERANGE_15735@65979.html]
[sibita.my.canva.site/_assets/video/EXT-X-BYTERANGE_31673@81714.html]
[sibita.my.canva.site/_assets/video/EXT-X-BYTERANGE_18163@113387.html]
[sibita.my.canva.site/_assets/video/EXT-X-BYTERANGE_39372@131550.html]
[sibita.my.canva.site/_assets/video/EXT-X-BYTERANGE_36318@170922.html]
[sibita.my.canva.site/_assets/video/EXT-X-BYTERANGE_31358@207240.html]
[sibita.my.canva.site/_assets/video/EXT-X-BYTERANGE_102095@238598.html]
[sibita.my.canva.site/_assets/video/EXT-X-BYTERANGE_28933@340693.html]
[sibita.my.canva.site/_assets/video/EXT-X-BYTERANGE_76104@369626.html]
[sibita.my.canva.site/_assets/video/EXT-X-BYTERANGE_84928@445730.html]
[sibita.my.canva.site/_assets/video/EXT-X-BYTERANGE_60898@530658.html]
[sibita.my.canva.site/_assets/video/EXT-X-BYTERANGE_28114@591556.html]
[sibita.my.canva.site/_assets/video/EXT-X-BYTERANGE_54855@619670.html]
[sibita.my.canva.site/_assets/video/EXT-X-BYTERANGE_32438@674525.html]
[sibita.my.canva.site/_assets/video/EXT-X-BYTERANGE_56934@706963.html]
[sibita.my.canva.site/_assets/video/EXT-X-BYTERANGE_86689@763897.html]
[sibita.my.canva.site/_assets/video/EXT-X-BYTERANGE_58410@850586.html]
[sibita.my.canva.site/_assets/video/EXT-X-BYTERANGE_37980@908996.html]
[sibita.my.canva.site/_assets/video/EXT-X-BYTERANGE_59123@946976.html]
[sibita.my.canva.site/_assets/video/EXT-X-BYTERANGE_23830@1006099.html]
[sibita.my.canva.site/_assets/video/EXT-X-BYTERANGE_27988@1029929.html]
[sibita.my.canva.site/_assets/video/EXT-X-BYTERANGE_98325@1057917.html]
[sibita.my.canva.site/_assets/video/EXT-X-BYTERANGE_30880@1156242.html]
[sibita.my.canva.site/_assets/video/EXT-X-BYTERANGE_19343@1187122.html]
[sibita.my.canva.site/_assets/video/EXT-X-BYTERANGE_70608@1206465.html]
[sibita.my.canva.site/_assets/video/EXT-X-BYTERANGE_44317@1277073.html]
[sibita.my.canva.site/_assets/video/EXT-X-BYTERANGE_46257@1321390.html]
[sibita.my.canva.site/_assets/video/EXT-X-BYTERANGE_37643@1367647.html]
[sibita.my.canva.site/_assets/video/EXT-X-BYTERANGE_58334@1405290.html]
[sibita.my.canva.site/_assets/video/EXT-X-BYTERANGE_69385@1463624.html]
[sibita.my.canva.site/_assets/video/EXT-X-BYTERANGE_64359@1533009.html]
[sibita.my.canva.site/_assets/video/EXT-X-BYTERANGE_21807@1597368.html]
[sibita.my.canva.site/_assets/video/EXT-X-BYTERANGE_23025@1619175.html]
[sibita.my.canva.site/_assets/video/EXT-X-BYTERANGE_83720@1642200.html]
[sibita.my.canva.site/_assets/video/EXT-X-BYTERANGE_35150@1725920.html]
[sibita.my.canva.site/_assets/video/EXT-X-BYTERANGE_78462@1761070.html]
[sibita.my.canva.site/_assets/video/EXT-X-BYTERANGE_89620@1839532.html]
[sibita.my.canva.site/_assets/video/EXT-X-BYTERANGE_32737@1929152.html]
[sibita.my.canva.site/_assets/video/EXT-X-BYTERANGE_19221@1961889.html]
[sibita.my.canva.site/_assets/video/EXT-X-BYTERANGE_38797@1981110.html]
[sibita.my.canva.site/_assets/video/EXT-X-BYTERANGE_85935@2019907.html]
[sibita.my.canva.site/_assets/video/EXT-X-BYTERANGE_64410@2105842.html]
[sibita.my.canva.site/_assets/video/EXT-X-BYTERANGE_64951@2170252.html]
[sibita.my.canva.site/_assets/video/EXT-X-BYTERANGE_84823@2235203.html]
[sibita.my.canva.site/_assets/video/EXT-X-BYTERANGE_68354@2320026.html]
[sibita.my.canva.site/_assets/video/EXT-X-BYTERANGE_71658@2388380.html]
[sibita.my.canva.site/_assets/video/EXT-X-BYTERANGE_55768@2460038.html]
[sibita.my.canva.site/_assets/video/EXT-X-BYTERANGE_84965@2515806.html]
[sibita.my.canva.site/_assets/video/EXT-X-BYTERANGE_85273@2600771.html]
[sibita.my.canva.site/_assets/video/EXT-X-BYTERANGE_93399@2686044.html]
[sibita.my.canva.site/_assets/video/EXT-X-BYTERANGE_124683@2779443.html]
[sibita.my.canva.site/_assets/video/EXT-X-BYTERANGE_128438@2904126.html]
[sibita.my.canva.site/_assets/video/EXT-X-BYTERANGE_55415@3032564.html]
[sibita.my.canva.site/_assets/video/EXT-X-BYTERANGE_93008@3087979.html]
[sibita.my.canva.site/_assets/video/EXT-X-BYTERANGE_49433@3180987.html]
[sibita.my.canva.site/_assets/video/EXT-X-BYTERANGE_51837@3230420.html]
[sibita.my.canva.site/_assets/video/EXT-X-BYTERANGE_91901@3282257.html]
[sibita.my.canva.site/_assets/video/EXT-X-BYTERANGE_50267@3374158.html]
[sibita.my.canva.site/_assets/video/EXT-X-BYTERANGE_106786@3424425.html]
[sibita.my.canva.site/_assets/video/EXT-X-BYTERANGE_76444@3531211.html]
[sibita.my.canva.site/_assets/video/EXT-X-BYTERANGE_54760@3607655.html]
[sibita.my.canva.site/_assets/video/EXT-X-BYTERANGE_13126@3662415.html]
[sibita.my.canva.site/_assets/video/EXT-X-BYTERANGE_28300@3675541.html]
[sibita.my.canva.site/_assets/video/EXT-X-BYTERANGE_21726@3703841.html]
[sibita.my.canva.site/_assets/video/EXT-X-BYTERANGE_21167@3725567.html]
[sibita.my.canva.site/_assets/video/EXT-X-BYTERANGE_17124@3746734.html]
[sibita.my.canva.site/_assets/video/EXT-X-BYTERANGE_23370@3763858.html]
[sibita.my.canva.site/_assets/video/EXT-X-BYTERANGE_16300@3787228.html]
[sibita.my.canva.site/_assets/video/EXT-X-BYTERANGE_36785@3803528.html]
[sibita.my.canva.site/_assets/video/EXT-X-BYTERANGE_47541@3840313.html]
[sibita.my.canva.site/_assets/video/EXT-X-BYTERANGE_25520@3887854.html]
[sibita.my.canva.site/_assets/video/EXT-X-MAP_URI=_3766db196a4f19a247191bb61858deb2.html]
[sibita.my.canva.site/_assets/video/EXT-X-BYTERANGE_326326@1777.html]
[sibita.my.canva.site/_assets/video/EXT-X-BYTERANGE_219721@328103.html]
[sibita.my.canva.site/_assets/video/EXT-X-BYTERANGE_99629@547824.html]
[sibita.my.canva.site/_assets/video/EXT-X-BYTERANGE_250945@647453.html]
[sibita.my.canva.site/_assets/video/EXT-X-BYTERANGE_143544@898398.html]
[sibita.my.canva.site/_assets/video/EXT-X-BYTERANGE_270672@1041942.html]
[sibita.my.canva.site/_assets/video/EXT-X-BYTERANGE_245912@1312614.html]
[sibita.my.canva.site/_assets/video/EXT-X-BYTERANGE_269604@1558526.html]
[sibita.my.canva.site/_assets/video/EXT-X-BYTERANGE_656789@1828130.html]
[sibita.my.canva.site/_assets/video/EXT-X-BYTERANGE_224522@2484919.html]
[sibita.my.canva.site/_assets/video/EXT-X-BYTERANGE_568752@2709441.html]
[sibita.my.canva.site/_assets/video/EXT-X-BYTERANGE_615480@3278193.html]
[sibita.my.canva.site/_assets/video/EXT-X-BYTERANGE_439381@3893673.html]
[sibita.my.canva.site/_assets/video/EXT-X-BYTERANGE_217035@4333054.html]
[sibita.my.canva.site/_assets/video/EXT-X-BYTERANGE_354192@4550089.html]
[sibita.my.canva.site/_assets/video/EXT-X-BYTERANGE_255571@4904281.html]
[sibita.my.canva.site/_assets/video/EXT-X-BYTERANGE_389522@5159852.html]
[sibita.my.canva.site/_assets/video/EXT-X-BYTERANGE_632046@5549374.html]
[sibita.my.canva.site/_assets/video/EXT-X-BYTERANGE_428669@6181420.html]
[sibita.my.canva.site/_assets/video/EXT-X-BYTERANGE_306564@6610089.html]
[sibita.my.canva.site/_assets/video/EXT-X-BYTERANGE_409888@6916653.html]
[sibita.my.canva.site/_assets/video/EXT-X-BYTERANGE_208146@7326541.html]
[sibita.my.canva.site/_assets/video/EXT-X-BYTERANGE_254718@7534687.html]
[sibita.my.canva.site/_assets/video/EXT-X-BYTERANGE_688029@7789405.html]
[sibita.my.canva.site/_assets/video/EXT-X-BYTERANGE_300780@8477434.html]
[sibita.my.canva.site/_assets/video/EXT-X-BYTERANGE_135765@8778214.html]
[sibita.my.canva.site/_assets/video/EXT-X-BYTERANGE_441249@8913979.html]
[sibita.my.canva.site/_assets/video/EXT-X-BYTERANGE_305421@9355228.html]
[sibita.my.canva.site/_assets/video/EXT-X-BYTERANGE_285294@9660649.html]
[sibita.my.canva.site/_assets/video/EXT-X-BYTERANGE_245805@9945943.html]
[sibita.my.canva.site/_assets/video/EXT-X-BYTERANGE_396483@10191748.html]
[sibita.my.canva.site/_assets/video/EXT-X-BYTERANGE_549025@10588231.html]
[sibita.my.canva.site/_assets/video/EXT-X-BYTERANGE_461494@11137256.html]
[sibita.my.canva.site/_assets/video/EXT-X-BYTERANGE_174170@11598750.html]
[sibita.my.canva.site/_assets/video/EXT-X-BYTERANGE_171269@11772920.html]
[sibita.my.canva.site/_assets/video/EXT-X-BYTERANGE_625790@11944189.html]
[sibita.my.canva.site/_assets/video/EXT-X-BYTERANGE_254356@12569979.html]
[sibita.my.canva.site/_assets/video/EXT-X-BYTERANGE_614500@12824335.html]
[sibita.my.canva.site/_assets/video/EXT-X-BYTERANGE_632180@13438835.html]
[sibita.my.canva.site/_assets/video/EXT-X-BYTERANGE_222318@14071015.html]
[sibita.my.canva.site/_assets/video/EXT-X-BYTERANGE_129995@14293333.html]
[sibita.my.canva.site/_assets/video/EXT-X-BYTERANGE_281356@14423328.html]
[sibita.my.canva.site/_assets/video/EXT-X-BYTERANGE_733955@14704684.html]
[sibita.my.canva.site/_assets/video/EXT-X-BYTERANGE_432268@15438639.html]
[sibita.my.canva.site/_assets/video/EXT-X-BYTERANGE_479461@15870907.html]
[sibita.my.canva.site/_assets/video/EXT-X-BYTERANGE_640770@16350368.html]
[sibita.my.canva.site/_assets/video/EXT-X-BYTERANGE_497069@16991138.html]
[sibita.my.canva.site/_assets/video/EXT-X-BYTERANGE_474465@17488207.html]
[sibita.my.canva.site/_assets/video/EXT-X-BYTERANGE_438502@17962672.html]
[sibita.my.canva.site/_assets/video/EXT-X-BYTERANGE_614783@18401174.html]
[sibita.my.canva.site/_assets/video/EXT-X-BYTERANGE_581143@19015957.html]
[sibita.my.canva.site/_assets/video/EXT-X-BYTERANGE_607418@19597100.html]
[sibita.my.canva.site/_assets/video/EXT-X-BYTERANGE_740301@20204518.html]
[sibita.my.canva.site/_assets/video/EXT-X-BYTERANGE_765822@20944819.html]
[sibita.my.canva.site/_assets/video/EXT-X-BYTERANGE_398421@21710641.html]
[sibita.my.canva.site/_assets/video/EXT-X-BYTERANGE_558652@22109062.html]
[sibita.my.canva.site/_assets/video/EXT-X-BYTERANGE_410304@22667714.html]
[sibita.my.canva.site/_assets/video/EXT-X-BYTERANGE_380657@23078018.html]
[sibita.my.canva.site/_assets/video/EXT-X-BYTERANGE_667341@23458675.html]
[sibita.my.canva.site/_assets/video/EXT-X-BYTERANGE_385568@24126016.html]
[sibita.my.canva.site/_assets/video/EXT-X-BYTERANGE_741704@24511584.html]
[sibita.my.canva.site/_assets/video/EXT-X-BYTERANGE_483189@25253288.html]
[sibita.my.canva.site/_assets/video/EXT-X-BYTERANGE_376895@25736477.html]
[sibita.my.canva.site/_assets/video/EXT-X-BYTERANGE_82280@26113372.html]
[sibita.my.canva.site/_assets/video/EXT-X-BYTERANGE_189347@26195652.html]
[sibita.my.canva.site/_assets/video/EXT-X-BYTERANGE_148578@26384999.html]
[sibita.my.canva.site/_assets/video/EXT-X-BYTERANGE_144416@26533577.html]
[sibita.my.canva.site/_assets/video/EXT-X-BYTERANGE_120613@26677993.html]
[sibita.my.canva.site/_assets/video/EXT-X-BYTERANGE_150959@26798606.html]
[sibita.my.canva.site/_assets/video/EXT-X-BYTERANGE_110533@26949565.html]
[sibita.my.canva.site/_assets/video/EXT-X-BYTERANGE_302190@27060098.html]
[sibita.my.canva.site/_assets/video/EXT-X-BYTERANGE_335193@27362288.html]
[sibita.my.canva.site/_assets/video/EXT-X-BYTERANGE_171262@27697481.html]
[sibita.my.canva.site/_assets/video/EXT-X-MAP_URI=_1e359caa0d75c915f615c842fe8a523a.html]
[sibita.my.canva.site/_assets/video/EXT-X-BYTERANGE_541110@1778.html]
[sibita.my.canva.site/_assets/video/EXT-X-BYTERANGE_395759@542888.html]
[sibita.my.canva.site/_assets/video/EXT-X-BYTERANGE_162880@938647.html]
[sibita.my.canva.site/_assets/video/EXT-X-BYTERANGE_446509@1101527.html]
[sibita.my.canva.site/_assets/video/EXT-X-BYTERANGE_263676@1548036.html]
[sibita.my.canva.site/_assets/video/EXT-X-BYTERANGE_452958@1811712.html]
[sibita.my.canva.site/_assets/video/EXT-X-BYTERANGE_394942@2264670.html]
[sibita.my.canva.site/_assets/video/EXT-X-BYTERANGE_448431@2659612.html]
[sibita.my.canva.site/_assets/video/EXT-X-BYTERANGE_1038477@3108043.html]
[sibita.my.canva.site/_assets/video/EXT-X-BYTERANGE_376988@4146520.html]
[sibita.my.canva.site/_assets/video/EXT-X-BYTERANGE_907133@4523508.html]
[sibita.my.canva.site/_assets/video/EXT-X-BYTERANGE_977286@5430641.html]
[sibita.my.canva.site/_assets/video/EXT-X-BYTERANGE_728662@6407927.html]
[sibita.my.canva.site/_assets/video/EXT-X-BYTERANGE_400229@7136589.html]
[sibita.my.canva.site/_assets/video/EXT-X-BYTERANGE_572706@7536818.html]
[sibita.my.canva.site/_assets/video/EXT-X-BYTERANGE_430783@8109524.html]
[sibita.my.canva.site/_assets/video/EXT-X-BYTERANGE_645738@8540307.html]
[sibita.my.canva.site/_assets/video/EXT-X-BYTERANGE_1011877@9186045.html]
[sibita.my.canva.site/_assets/video/EXT-X-BYTERANGE_738838@10197922.html]
[sibita.my.canva.site/_assets/video/EXT-X-BYTERANGE_530699@10936760.html]
[sibita.my.canva.site/_assets/video/EXT-X-BYTERANGE_690283@11467459.html]
[sibita.my.canva.site/_assets/video/EXT-X-BYTERANGE_370103@12157742.html]
[sibita.my.canva.site/_assets/video/EXT-X-BYTERANGE_435806@12527845.html]
[sibita.my.canva.site/_assets/video/EXT-X-BYTERANGE_1102656@12963651.html]
[sibita.my.canva.site/_assets/video/EXT-X-BYTERANGE_535354@14066307.html]
[sibita.my.canva.site/_assets/video/EXT-X-BYTERANGE_236634@14601661.html]
[sibita.my.canva.site/_assets/video/EXT-X-BYTERANGE_682850@14838295.html]
[sibita.my.canva.site/_assets/video/EXT-X-BYTERANGE_532402@15521145.html]
[sibita.my.canva.site/_assets/video/EXT-X-BYTERANGE_474148@16053547.html]
[sibita.my.canva.site/_assets/video/EXT-X-BYTERANGE_438749@16527695.html]
[sibita.my.canva.site/_assets/video/EXT-X-BYTERANGE_673307@16966444.html]
[sibita.my.canva.site/_assets/video/EXT-X-BYTERANGE_806951@17639751.html]
[sibita.my.canva.site/_assets/video/EXT-X-BYTERANGE_758876@18446702.html]
[sibita.my.canva.site/_assets/video/EXT-X-BYTERANGE_315645@19205578.html]
[sibita.my.canva.site/_assets/video/EXT-X-BYTERANGE_286351@19521223.html]
[sibita.my.canva.site/_assets/video/EXT-X-BYTERANGE_1005190@19807574.html]
[sibita.my.canva.site/_assets/video/EXT-X-BYTERANGE_416795@20812764.html]
[sibita.my.canva.site/_assets/video/EXT-X-BYTERANGE_985156@21229559.html]
[sibita.my.canva.site/_assets/video/EXT-X-BYTERANGE_1001260@22214715.html]
[sibita.my.canva.site/_assets/video/EXT-X-BYTERANGE_387777@23215975.html]
[sibita.my.canva.site/_assets/video/EXT-X-BYTERANGE_220537@23603752.html]
[sibita.my.canva.site/_assets/video/EXT-X-BYTERANGE_471883@23824289.html]
[sibita.my.canva.site/_assets/video/EXT-X-BYTERANGE_1140819@24296172.html]
[sibita.my.canva.site/_assets/video/EXT-X-BYTERANGE_691409@25436991.html]
[sibita.my.canva.site/_assets/video/EXT-X-BYTERANGE_756355@26128400.html]
[sibita.my.canva.site/_assets/video/EXT-X-BYTERANGE_1036932@26884755.html]
[sibita.my.canva.site/_assets/video/EXT-X-BYTERANGE_827986@27921687.html]
[sibita.my.canva.site/_assets/video/EXT-X-BYTERANGE_772453@28749673.html]
[sibita.my.canva.site/_assets/video/EXT-X-BYTERANGE_759613@29522126.html]
[sibita.my.canva.site/_assets/video/EXT-X-BYTERANGE_1008000@30281739.html]
[sibita.my.canva.site/_assets/video/EXT-X-BYTERANGE_918747@31289739.html]
[sibita.my.canva.site/_assets/video/EXT-X-BYTERANGE_966884@32208486.html]
[sibita.my.canva.site/_assets/video/EXT-X-BYTERANGE_1119793@33175370.html]
[sibita.my.canva.site/_assets/video/EXT-X-BYTERANGE_1159274@34295163.html]
[sibita.my.canva.site/_assets/video/EXT-X-BYTERANGE_658174@35454437.html]
[sibita.my.canva.site/_assets/video/EXT-X-BYTERANGE_830795@36112611.html]
[sibita.my.canva.site/_assets/video/EXT-X-BYTERANGE_726002@36943406.html]
[sibita.my.canva.site/_assets/video/EXT-X-BYTERANGE_659656@37669408.html]
[sibita.my.canva.site/_assets/video/EXT-X-BYTERANGE_1078798@38329064.html]
[sibita.my.canva.site/_assets/video/EXT-X-BYTERANGE_689470@39407862.html]
[sibita.my.canva.site/_assets/video/EXT-X-BYTERANGE_1175883@40097332.html]
[sibita.my.canva.site/_assets/video/EXT-X-BYTERANGE_834530@41273215.html]
[sibita.my.canva.site/_assets/video/EXT-X-BYTERANGE_662484@42107745.html]
[sibita.my.canva.site/_assets/video/EXT-X-BYTERANGE_138939@42770229.html]
[sibita.my.canva.site/_assets/video/EXT-X-BYTERANGE_315321@42909168.html]
[sibita.my.canva.site/_assets/video/EXT-X-BYTERANGE_240053@43224489.html]
[sibita.my.canva.site/_assets/video/EXT-X-BYTERANGE_240730@43464542.html]
[sibita.my.canva.site/_assets/video/EXT-X-BYTERANGE_214177@43705272.html]
[sibita.my.canva.site/_assets/video/EXT-X-BYTERANGE_261928@43919449.html]
[sibita.my.canva.site/_assets/video/EXT-X-BYTERANGE_200371@44181377.html]
[sibita.my.canva.site/_assets/video/EXT-X-BYTERANGE_532038@44381748.html]
[sibita.my.canva.site/_assets/video/EXT-X-BYTERANGE_583979@44913786.html]
[sibita.my.canva.site/_assets/video/EXT-X-BYTERANGE_294373@45497765.html]
[sibita.my.canva.site/_assets/video/EXT-X-MAP_URI=_7bbc78f34a357f4cf2cecc1eb5fe7c01.html]
[sibita.my.canva.site/_assets/video/EXT-X-BYTERANGE_35160@996.html]
[sibita.my.canva.site/_assets/video/EXT-X-BYTERANGE_46177@36156.html]
[sibita.my.canva.site/_assets/video/EXT-X-BYTERANGE_45332@82333.html]
[sibita.my.canva.site/_assets/video/EXT-X-BYTERANGE_46695@127665.html]
[sibita.my.canva.site/_assets/video/EXT-X-BYTERANGE_46601@174360.html]
[sibita.my.canva.site/_assets/video/EXT-X-BYTERANGE_228716@220961.html]
[sibita.my.canva.site/_assets/video/EXT-X-BYTERANGE_193777@449677.html]
[sibita.my.canva.site/_assets/video/EXT-X-BYTERANGE_14824@643454.html]
[sibita.my.canva.site/_assets/video/EXT-X-MAP_URI=_36d2de58fdaa75b3afccf323402e028a.html]
[sibita.my.canva.site/_assets/video/EXT-X-BYTERANGE_87163@998.html]
[sibita.my.canva.site/_assets/video/EXT-X-BYTERANGE_111650@88161.html]
[sibita.my.canva.site/_assets/video/EXT-X-BYTERANGE_114433@199811.html]
[sibita.my.canva.site/_assets/video/EXT-X-BYTERANGE_117890@314244.html]
[sibita.my.canva.site/_assets/video/EXT-X-BYTERANGE_123307@432134.html]
[sibita.my.canva.site/_assets/video/EXT-X-BYTERANGE_626526@555441.html]
[sibita.my.canva.site/_assets/video/EXT-X-BYTERANGE_534225@1181967.html]
[sibita.my.canva.site/_assets/video/EXT-X-BYTERANGE_43045@1716192.html]
[sibita.my.canva.site/_assets/video/EXT-X-MAP_URI=_74b441f5671462e3672cd15b0f33be7d.html]
[sibita.my.canva.site/_assets/video/EXT-X-BYTERANGE_241689@996.html]
[sibita.my.canva.site/_assets/video/EXT-X-BYTERANGE_329838@242685.html]
[sibita.my.canva.site/_assets/video/EXT-X-BYTERANGE_342645@572523.html]
[sibita.my.canva.site/_assets/video/EXT-X-BYTERANGE_351744@915168.html]
[sibita.my.canva.site/_assets/video/EXT-X-BYTERANGE_358283@1266912.html]
[sibita.my.canva.site/_assets/video/EXT-X-BYTERANGE_1418208@1625195.html]
[sibita.my.canva.site/_assets/video/EXT-X-BYTERANGE_1231346@3043403.html]
[sibita.my.canva.site/_assets/video/EXT-X-BYTERANGE_112728@4274749.html]
[sibita.my.canva.site/_assets/video/EXT-X-MAP_URI=_d069612d15afb8cdf6e79e9232a0e796.html]
[sibita.my.canva.site/_assets/video/EXT-X-BYTERANGE_483042@998.html]
[sibita.my.canva.site/_assets/video/EXT-X-BYTERANGE_735511@484040.html]
[sibita.my.canva.site/_assets/video/EXT-X-BYTERANGE_739614@1219551.html]
[sibita.my.canva.site/_assets/video/EXT-X-BYTERANGE_744355@1959165.html]
[sibita.my.canva.site/_assets/video/EXT-X-BYTERANGE_731554@2703520.html]
[sibita.my.canva.site/_assets/video/EXT-X-BYTERANGE_2225041@3435074.html]
[sibita.my.canva.site/_assets/video/EXT-X-BYTERANGE_1909605@5660115.html]
[sibita.my.canva.site/_assets/video/EXT-X-BYTERANGE_172723@7569720.html]
